I cannot live without approval.
Your satisfaction is my demand.
I must control what you think of me.
I have to understand.
