Falsches ?ben von Xylophonmusik qu?lt jeden gr??eren Zwerg