jag älskar python
öch även på andra rader
med massvis med konstiga tecken öäå
Idag är det söndag.
Och snart är det jul!