Quizdeltagerne spiste jordbær med fløde, mens cirkusklovnen Walther spillede på xylofon.
Põdur Zagrebi tšellomängija-följetonist Ciqo külmetas kehvas garaažis
Törkylempijävongahdus
Voix ambiguë d’un cœur qui au zéphyr préfère les jattes de kiwi
