{
    "arguments": [
        "diff"
    ],
    "name": "PyCharm",
    "path": "/Applications/PyCharm CE.app/Contents/MacOS/pycharm"
}