--- b.approved.txt

+++ a.received.txt

@@ -1 +1 @@

-def
+abc

to approve this result:

mv -f tmpdir/a.received.txt tmpdir/b.approved.txt
